
=== Tue Nov  9 19:31:44 2021

Packages were changed.
Update Mode: updateDependencies

The following packages were updated:
  com.unity.purchasing from version 2.0.3 to 2.2.1

=== Thu Nov 11 18:52:36 2021

Packages were changed.
Update Mode: updateDependencies

The following packages were added:
  com.unity.2d.sprite@1.0.0
  com.unity.2d.tilemap@1.0.0
  com.unity.ide.rider@2.0.7
  com.unity.ide.visualstudio@2.0.11
  com.unity.ide.vscode@1.2.4
  com.unity.modules.androidjni@1.0.0
  com.unity.test-framework@1.1.29
  com.unity.timeline@1.4.8
  com.unity.ugui@1.0.0
  com.unity.xr.legacyinputhelpers@2.1.8
The following packages were updated:
  com.unity.ads from version 2.0.8 to 3.7.5
  com.unity.analytics from version 3.2.3 to 3.6.11
  com.unity.collab-proxy from version 1.2.15 to 1.13.5
  com.unity.purchasing from version 2.2.1 to 4.0.3
  com.unity.textmeshpro from version 1.4.1 to 3.0.6
The following packages were removed:
  com.unity.package-manager-ui@2.0.13

=== Thu Jul  4 23:26:41 2024

Packages were changed.
Update Mode: updateDependencies

The following packages were added:
  com.unity.ai.navigation@1.1.5
The following packages were updated:
  com.unity.analytics from version 3.6.12 to 3.8.1
  com.unity.collab-proxy from version 1.13.5 to 2.4.3
  com.unity.ide.visualstudio from version 2.0.12 to 2.0.22
  com.unity.ide.vscode from version 1.2.4 to 1.2.5
  com.unity.timeline from version 1.4.8 to 1.7.6
